

================================================================
== Vivado HLS Report for 'alu'
================================================================
* Date:           Wed Jul  5 13:46:45 2017

* Version:        2016.2 (Build 1577090 on Thu Jun 02 16:59:10 MDT 2016)
* Project:        testproject
* Solution:       solution1
* Product family: virtex7
* Target device:  xc7vx330tffg1761-3


================================================================
== Performance Estimates
================================================================
+ Timing (ns): 
    * Summary: 
    +--------+-------+----------+------------+
    |  Clock | Target| Estimated| Uncertainty|
    +--------+-------+----------+------------+
    |ap_clk  |  20.00|      5.41|        2.50|
    +--------+-------+----------+------------+

+ Latency (clock cycles): 
    * Summary: 
    +-----+-----+-----+-----+---------+
    |  Latency  |  Interval | Pipeline|
    | min | max | min | max |   Type  |
    +-----+-----+-----+-----+---------+
    |    1|   19|    2|   20|   none  |
    +-----+-----+-----+-----+---------+

    + Detail: 
        * Instance: 
        N/A

        * Loop: 
        N/A



================================================================
== Utilization Estimates
================================================================
* Summary: 
+-----------------+---------+-------+--------+--------+
|       Name      | BRAM_18K| DSP48E|   FF   |   LUT  |
+-----------------+---------+-------+--------+--------+
|DSP              |        -|      1|       -|       -|
|Expression       |        -|      -|       0|      38|
|FIFO             |        -|      -|       -|       -|
|Instance         |        -|      -|     144|     160|
|Memory           |        -|      -|       -|       -|
|Multiplexer      |        -|      -|       -|      50|
|Register         |        -|      -|      37|       -|
+-----------------+---------+-------+--------+--------+
|Total            |        0|      1|     181|     248|
+-----------------+---------+-------+--------+--------+
|Available        |     1500|   1120|  408000|  204000|
+-----------------+---------+-------+--------+--------+
|Utilization (%)  |        0|   ~0  |   ~0   |   ~0   |
+-----------------+---------+-------+--------+--------+

+ Detail: 
    * Instance: 
    +-------------------------------+----------------------------+---------+-------+-----+-----+
    |            Instance           |           Module           | BRAM_18K| DSP48E|  FF | LUT |
    +-------------------------------+----------------------------+---------+-------+-----+-----+
    |alu_sdiv_16s_16s_16_20_seq_U1  |alu_sdiv_16s_16s_16_20_seq  |        0|      0|  144|  160|
    +-------------------------------+----------------------------+---------+-------+-----+-----+
    |Total                          |                            |        0|      0|  144|  160|
    +-------------------------------+----------------------------+---------+-------+-----+-----+

    * DSP48: 
    +-----------------------------+--------------------------+-----------+
    |           Instance          |          Module          | Expression|
    +-----------------------------+--------------------------+-----------+
    |alu_mul_mul_16s_16s_16_1_U2  |alu_mul_mul_16s_16s_16_1  |  i0 * i1  |
    +-----------------------------+--------------------------+-----------+

    * Memory: 
    N/A

    * FIFO: 
    N/A

    * Expression: 
    +----------------+----------+-------+---+----+------------+------------+
    |  Variable Name | Operation| DSP48E| FF| LUT| Bitwidth P0| Bitwidth P1|
    +----------------+----------+-------+---+----+------------+------------+
    |out_3_fu_77_p2  |     +    |      0|  0|  16|          16|          16|
    |out_2_fu_83_p2  |     -    |      0|  0|  16|          16|          16|
    |tmp_4_fu_64_p2  |   icmp   |      0|  0|   6|          16|           1|
    +----------------+----------+-------+---+----+------------+------------+
    |Total           |          |      0|  0|  38|          48|          33|
    +----------------+----------+-------+---+----+------------+------------+

    * Multiplexer: 
    +---------------------+----+-----------+-----+-----------+
    |         Name        | LUT| Input Size| Bits| Total Bits|
    +---------------------+----+-----------+-----+-----------+
    |ap_NS_fsm            |  18|         21|    1|         21|
    |out_1_phi_fu_48_p12  |  16|          2|   16|         32|
    |out_1_reg_44         |  16|          5|   16|         80|
    +---------------------+----+-----------+-----+-----------+
    |Total                |  50|         28|   33|        133|
    +---------------------+----+-----------+-----+-----------+

    * Register: 
    +---------------+----+----+-----+-----------+
    |      Name     | FF | LUT| Bits| Const Bits|
    +---------------+----+----+-----+-----------+
    |ap_CS_fsm      |  20|   0|   20|          0|
    |out_1_reg_44   |  16|   0|   16|          0|
    |tmp_4_reg_109  |   1|   0|    1|          0|
    +---------------+----+----+-----+-----------+
    |Total          |  37|   0|   37|          0|
    +---------------+----+----+-----+-----------+



================================================================
== Interface
================================================================
* Summary: 
+-----------+-----+-----+------------+--------------+--------------+
| RTL Ports | Dir | Bits|  Protocol  | Source Object|    C Type    |
+-----------+-----+-----+------------+--------------+--------------+
|ap_clk     |  in |    1| ap_ctrl_hs |      alu     | return value |
|ap_rst     |  in |    1| ap_ctrl_hs |      alu     | return value |
|ap_start   |  in |    1| ap_ctrl_hs |      alu     | return value |
|ap_done    | out |    1| ap_ctrl_hs |      alu     | return value |
|ap_idle    | out |    1| ap_ctrl_hs |      alu     | return value |
|ap_ready   | out |    1| ap_ctrl_hs |      alu     | return value |
|ap_return  | out |   16| ap_ctrl_hs |      alu     | return value |
|opcode     |  in |    8|   ap_none  |    opcode    |    scalar    |
|in1        |  in |   16|   ap_none  |      in1     |    scalar    |
|in2        |  in |   16|   ap_none  |      in2     |    scalar    |
+-----------+-----+-----+------------+--------------+--------------+

